// Jest Snapshot v1, https://goo.gl/fbAQLP

exports[`MainSummary Component the summary renders with reference to Total and Option components component 1`] = `
<section
  className="main__summary"
>
  <h2>
    Your cart
  </h2>
  <Option
    USCurrencyFormat={NumberFormat {}}
  />
  <Total
    USCurrencyFormat={NumberFormat {}}
    total={1523.66}
  />
</section>
`;
