// Jest Snapshot v1, https://goo.gl/fbAQLP

exports[`SummaryItem Component an array of summary items renders with passed in dummy data 1`] = `
Array [
  <div
    className="summary__option"
    key="Processor-0"
  >
    <div
      className="summary__option__label"
    >
      Processor
       
    </div>
    <div
      className="summary__option__value"
    >
      17th Generation Intel Core HB (7 Core with donut spare)
    </div>
    <div
      className="summary__option__cost"
    >
      $700.00
    </div>
  </div>,
  <div
    className="summary__option"
    key="Operating System-1"
  >
    <div
      className="summary__option__label"
    >
      Operating System
       
    </div>
    <div
      className="summary__option__value"
    >
      Ubuntu Linux 16.04
    </div>
    <div
      className="summary__option__cost"
    >
      $200.00
    </div>
  </div>,
  <div
    className="summary__option"
    key="Video Card-2"
  >
    <div
      className="summary__option__label"
    >
      Video Card
       
    </div>
    <div
      className="summary__option__value"
    >
      Toyota Corolla 1.5v
    </div>
    <div
      className="summary__option__cost"
    >
      $1,150.98
    </div>
  </div>,
  <div
    className="summary__option"
    key="Display-3"
  >
    <div
      className="summary__option__label"
    >
      Display
       
    </div>
    <div
      className="summary__option__value"
    >
      15.6" UHD (3840 x 2160) 60Hz Bright Lights and Knobs
    </div>
    <div
      className="summary__option__cost"
    >
      $1,500.00
    </div>
  </div>,
]
`;
