// Jest Snapshot v1, https://goo.gl/fbAQLP

exports[`FormItem Component an array of form items renders with passed in dummy data 1`] = `
Array [
  <fieldset
    className="feature"
    key="Processor-0"
  >
    <legend
      className="feature__name"
    >
      <h3>
        Processor
      </h3>
    </legend>
    <div
      className="feature__item"
      key="\\"name\\":\\"17th-Generation-Intel-Core-HB-(7-Core-with-donut-spare)\\"\\"cost\\":700"
    >
      <input
        checked={true}
        className="feature__option"
        id="\\"name\\":\\"17th-Generation-Intel-Core-HB-(7-Core-with-donut-spare)\\"\\"cost\\":700"
        name="Processor"
        onChange={[Function]}
        type="radio"
      />
      <label
        className="feature__label"
        htmlFor="\\"name\\":\\"17th-Generation-Intel-Core-HB-(7-Core-with-donut-spare)\\"\\"cost\\":700"
      >
        17th Generation Intel Core HB (7 Core with donut spare)
         (
        $700.00
        )
      </label>
    </div>
  </fieldset>,
  <fieldset
    className="feature"
    key="Operating System-1"
  >
    <legend
      className="feature__name"
    >
      <h3>
        Operating System
      </h3>
    </legend>
    <div
      className="feature__item"
      key="\\"name\\":\\"Ubuntu-Linux-16.04\\"\\"cost\\":200"
    >
      <input
        checked={true}
        className="feature__option"
        id="\\"name\\":\\"Ubuntu-Linux-16.04\\"\\"cost\\":200"
        name="Operating-System"
        onChange={[Function]}
        type="radio"
      />
      <label
        className="feature__label"
        htmlFor="\\"name\\":\\"Ubuntu-Linux-16.04\\"\\"cost\\":200"
      >
        Ubuntu Linux 16.04
         (
        $200.00
        )
      </label>
    </div>
  </fieldset>,
  <fieldset
    className="feature"
    key="Video Card-2"
  >
    <legend
      className="feature__name"
    >
      <h3>
        Video Card
      </h3>
    </legend>
    <div
      className="feature__item"
      key="\\"name\\":\\"Toyota-Corolla-1.5v\\"\\"cost\\":1150.98"
    >
      <input
        checked={true}
        className="feature__option"
        id="\\"name\\":\\"Toyota-Corolla-1.5v\\"\\"cost\\":1150.98"
        name="Video-Card"
        onChange={[Function]}
        type="radio"
      />
      <label
        className="feature__label"
        htmlFor="\\"name\\":\\"Toyota-Corolla-1.5v\\"\\"cost\\":1150.98"
      >
        Toyota Corolla 1.5v
         (
        $1,150.98
        )
      </label>
    </div>
  </fieldset>,
  <fieldset
    className="feature"
    key="Display-3"
  >
    <legend
      className="feature__name"
    >
      <h3>
        Display
      </h3>
    </legend>
    <div
      className="feature__item"
      key="\\"name\\":\\"15.6\\"-UHD-(3840-x-2160)-60Hz-Bright-Lights-and-Knobs\\"\\"cost\\":1500"
    >
      <input
        checked={true}
        className="feature__option"
        id="\\"name\\":\\"15.6\\"-UHD-(3840-x-2160)-60Hz-Bright-Lights-and-Knobs\\"\\"cost\\":1500"
        name="Display"
        onChange={[Function]}
        type="radio"
      />
      <label
        className="feature__label"
        htmlFor="\\"name\\":\\"15.6\\"-UHD-(3840-x-2160)-60Hz-Bright-Lights-and-Knobs\\"\\"cost\\":1500"
      >
        15.6" UHD (3840 x 2160) 60Hz Bright Lights and Knobs
         (
        $1,500.00
        )
      </label>
    </div>
  </fieldset>,
]
`;
